// Jest Snapshot v1, https://goo.gl/fbAQLP

exports[`renders correctly 1`] = `
<div>
  <h2>
    Channels
  </h2>
  <div
    className="ui segments"
  >
    <div
      className="ui segment"
    >
      <div>
        Shi-Hao's Smashing Channel
      </div>
    </div>
    <div
      className="ui segment"
    >
      <div>
        Dylan's Dynamic Channel
      </div>
    </div>
    <div
      className="ui segment"
    >
      <div>
        Peter's Poetic Channel
      </div>
    </div>
    <div
      className="ui segment"
    >
      <div>
        Gideon's Gallant Channel
      </div>
    </div>
  </div>
</div>
`;
