// Jest Snapshot v1, https://goo.gl/fbAQLP

exports[`renders correctly 1`] = `
<div>
  <div
    className="ui segment"
  >
    <h4>
      Shi-Hao
    </h4>
    <div>
      Hello friends!
    </div>
  </div>
  <div
    className="ui segment"
  >
    <h4>
      Peter
    </h4>
    <div>
      What's up!
    </div>
  </div>
  <div
    className="ui segment"
  >
    <h4>
      Dylan
    </h4>
    <div>
      I got the app deployed on Digital Ocean!
    </div>
  </div>
  <div
    className="ui segment"
  >
    <h4>
      Gideon
    </h4>
    <div>
      That's awesome! Here, have some spam!
    </div>
  </div>
</div>
`;
